// Jest Snapshot v1, https://goo.gl/fbAQLP

exports[` 1`] = `
<h2>
  loading component... 
</h2>
`;
